// Jest Snapshot v1, https://goo.gl/fbAQLP

exports[`<SectionMenu /> shape will render correctly 1`] = `
<SectionMenu
  sections={
    Array [
      Object {
        "id": "sec-1",
        "path": "/section-1",
        "text": "SECTION 1",
      },
      Object {
        "id": "sec-2",
        "path": "/section-2",
        "text": "SECTION 2",
      },
      Object {
        "id": "sec-3",
        "path": "/section-3",
        "text": "SECTION 3",
      },
      Object {
        "id": "sec-4",
        "path": "/section-4",
        "text": "SECTION 4",
      },
      Object {
        "id": "sec-5",
        "path": "/section-5",
        "text": "SECTION 5",
      },
      Object {
        "id": "sec-6",
        "path": "/section-6",
        "text": "SECTION 6",
      },
      Object {
        "id": "sec-7",
        "path": "/section-7",
        "text": "SECTION 7",
      },
      Object {
        "id": "sec-8",
        "path": "/section-8",
        "text": "SECTION 8",
      },
      Object {
        "id": "sec-9",
        "path": "/section-9",
        "text": "SECTION 9",
      },
      Object {
        "id": "sec-10",
        "path": "/section-10",
        "text": "SECTION 10",
      },
    ]
  }
>
  <StyledSectionMenu
    dimensions={
      Object {
        "height": 68,
      }
    }
  >
    <ul
      className="gCdgFZ"
    >
      <SectionTab
        currentSection="sec-1"
        key="sec-1"
        onClick={[Function]}
        section={
          Object {
            "id": "sec-1",
            "path": "/section-1",
            "text": "SECTION 1",
          }
        }
      >
        <StyledSectionTab
          isActive={true}
          onClick={[Function]}
        >
          <li
            className="fxPcfg"
            onClick={[Function]}
          >
            <a>
              SECTION 1
            </a>
          </li>
        </StyledSectionTab>
      </SectionTab>
      <SectionTab
        currentSection="sec-1"
        key="sec-2"
        onClick={[Function]}
        section={
          Object {
            "id": "sec-2",
            "path": "/section-2",
            "text": "SECTION 2",
          }
        }
      >
        <StyledSectionTab
          isActive={false}
          onClick={[Function]}
        >
          <li
            className="Oifry"
            onClick={[Function]}
          >
            <a>
              SECTION 2
            </a>
          </li>
        </StyledSectionTab>
      </SectionTab>
      <SectionTab
        currentSection="sec-1"
        key="sec-3"
        onClick={[Function]}
        section={
          Object {
            "id": "sec-3",
            "path": "/section-3",
            "text": "SECTION 3",
          }
        }
      >
        <StyledSectionTab
          isActive={false}
          onClick={[Function]}
        >
          <li
            className="Oifry"
            onClick={[Function]}
          >
            <a>
              SECTION 3
            </a>
          </li>
        </StyledSectionTab>
      </SectionTab>
      <SectionTab
        currentSection="sec-1"
        key="sec-4"
        onClick={[Function]}
        section={
          Object {
            "id": "sec-4",
            "path": "/section-4",
            "text": "SECTION 4",
          }
        }
      >
        <StyledSectionTab
          isActive={false}
          onClick={[Function]}
        >
          <li
            className="Oifry"
            onClick={[Function]}
          >
            <a>
              SECTION 4
            </a>
          </li>
        </StyledSectionTab>
      </SectionTab>
      <SectionTab
        currentSection="sec-1"
        key="sec-5"
        onClick={[Function]}
        section={
          Object {
            "id": "sec-5",
            "path": "/section-5",
            "text": "SECTION 5",
          }
        }
      >
        <StyledSectionTab
          isActive={false}
          onClick={[Function]}
        >
          <li
            className="Oifry"
            onClick={[Function]}
          >
            <a>
              SECTION 5
            </a>
          </li>
        </StyledSectionTab>
      </SectionTab>
      <SectionTab
        currentSection="sec-1"
        key="sec-6"
        onClick={[Function]}
        section={
          Object {
            "id": "sec-6",
            "path": "/section-6",
            "text": "SECTION 6",
          }
        }
      >
        <StyledSectionTab
          isActive={false}
          onClick={[Function]}
        >
          <li
            className="Oifry"
            onClick={[Function]}
          >
            <a>
              SECTION 6
            </a>
          </li>
        </StyledSectionTab>
      </SectionTab>
      <SectionTab
        currentSection="sec-1"
        key="sec-7"
        onClick={[Function]}
        section={
          Object {
            "id": "sec-7",
            "path": "/section-7",
            "text": "SECTION 7",
          }
        }
      >
        <StyledSectionTab
          isActive={false}
          onClick={[Function]}
        >
          <li
            className="Oifry"
            onClick={[Function]}
          >
            <a>
              SECTION 7
            </a>
          </li>
        </StyledSectionTab>
      </SectionTab>
      <SectionTab
        currentSection="sec-1"
        key="sec-8"
        onClick={[Function]}
        section={
          Object {
            "id": "sec-8",
            "path": "/section-8",
            "text": "SECTION 8",
          }
        }
      >
        <StyledSectionTab
          isActive={false}
          onClick={[Function]}
        >
          <li
            className="Oifry"
            onClick={[Function]}
          >
            <a>
              SECTION 8
            </a>
          </li>
        </StyledSectionTab>
      </SectionTab>
      <SectionTab
        currentSection="sec-1"
        key="sec-9"
        onClick={[Function]}
        section={
          Object {
            "id": "sec-9",
            "path": "/section-9",
            "text": "SECTION 9",
          }
        }
      >
        <StyledSectionTab
          isActive={false}
          onClick={[Function]}
        >
          <li
            className="Oifry"
            onClick={[Function]}
          >
            <a>
              SECTION 9
            </a>
          </li>
        </StyledSectionTab>
      </SectionTab>
      <SectionTab
        currentSection="sec-1"
        key="sec-10"
        onClick={[Function]}
        section={
          Object {
            "id": "sec-10",
            "path": "/section-10",
            "text": "SECTION 10",
          }
        }
      >
        <StyledSectionTab
          isActive={false}
          onClick={[Function]}
        >
          <li
            className="Oifry"
            onClick={[Function]}
          >
            <a>
              SECTION 10
            </a>
          </li>
        </StyledSectionTab>
      </SectionTab>
    </ul>
  </StyledSectionMenu>
</SectionMenu>
`;
